============================= test session starts =============================
platform win32 -- Python 3.12.4, pytest-8.3.2, pluggy-1.5.0 -- C:\Users\lukez\AppData\Local\Programs\Python\Python312\python.exe
cachedir: .pytest_cache
hypothesis profile 'default' -> database=DirectoryBasedExampleDatabase(WindowsPath('C:/Users/lukez/Desktop/catch-and-cache/bench_analytics/backend/.hypothesis/examples'))
django: version: 5.2.6, settings: config.settings_test (from ini)
rootdir: C:\Users\lukez\Desktop\catch-and-cache\bench_analytics\backend
configfile: pytest.ini
plugins: anyio-4.11.0, hypothesis-6.111.2, cov-7.0.0, django-4.11.1, typeguard-4.3.0
collecting ... collected 1 item

roster/tests/test_player_import.py::PlayerImportServiceTestCase::test_import_csv_read_error FAILED [100%]

================================== FAILURES ===================================
___________ PlayerImportServiceTestCase.test_import_csv_read_error ____________

self = <roster.tests.test_player_import.PlayerImportServiceTestCase testMethod=test_import_csv_read_error>

    def test_import_csv_read_error(self):
        """Test error handling when reading CSV fails."""
        with patch("pathlib.Path.open", side_effect=IOError("Read error")):
            with self.assertRaises(ValueError) as cm:
>               PlayerImportService.import_from_csv(self.csv_path)

roster\tests\test_player_import.py:177: 
_ _ _ _ _ _ _ _ _ _ _ _ _ _ _ _ _ _ _ _ _ _ _ _ _ _ _ _ _ _ _ _ _ _ _ _ _ _ _ _

    @staticmethod
    def import_from_csv(
        path: str | Path, team_id: Optional[int] = None, dry_run: bool = False
    ) -> Dict[str, Any]:
        """
        Import players from a CSV file into the roster Player model.
    
        Args:
            path: Path to the CSV file
            team_id: Optional team ID to assign to all players
            dry_run: If True, simulate import without saving
    
        Returns:
            Dict containing import summary (processed, created, updated, messages)
        """
        messages: List[str] = []
        file_path = Path(path)
    
        if not file_path.exists():
>           raise FileNotFoundError(f"CSV file not found: {file_path}")
E           FileNotFoundError: CSV file not found: C:\Users\lukez\AppData\Local\Temp\tmp8_kt_xab\test_players.csv

roster\services\player_import.py:33: FileNotFoundError
---------------------------- Captured stderr setup ----------------------------
Creating test database for alias 'default'...

-------------------------- Captured stderr teardown ---------------------------
Destroying test database for alias 'default'...

============================== warnings summary ===============================
..\..\..\..\AppData\Local\Programs\Python\Python312\Lib\site-packages\rest_framework_simplejwt\__init__.py:1
  C:\Users\lukez\AppData\Local\Programs\Python\Python312\Lib\site-packages\rest_framework_simplejwt\__init__.py:1: UserWarning: pkg_resources is deprecated as an API. See https://setuptools.pypa.io/en/latest/pkg_resources.html. The pkg_resources package is slated for removal as early as 2025-11-30. Refrain from using this package or pin to Setuptools<81.
    from pkg_resources import DistributionNotFound, get_distribution

..\..\..\..\AppData\Local\Programs\Python\Python312\Lib\site-packages\pkg_resources\__init__.py:3146
  C:\Users\lukez\AppData\Local\Programs\Python\Python312\Lib\site-packages\pkg_resources\__init__.py:3146: DeprecationWarning: Deprecated call to `pkg_resources.declare_namespace('google')`.
  Implementing implicit namespace packages (as specified in PEP 420) is preferred to `pkg_resources.declare_namespace`. See https://setuptools.pypa.io/en/latest/references/keywords.html#keyword-namespace-packages
    declare_namespace(pkg)

-- Docs: https://docs.pytest.org/en/stable/how-to/capture-warnings.html
=========================== short test summary info ===========================
FAILED roster/tests/test_player_import.py::PlayerImportServiceTestCase::test_import_csv_read_error
======================== 1 failed, 2 warnings in 1.89s ========================
